\BOOKMARK [-1][-]{section*.6}{\376\377\000I\000n\000t\000r\000o\000d\000u\000c\000t\000i\000o\000n}{}% 1
\BOOKMARK [0][-]{section*.8}{\376\377\000I\000n\000t\000r\000o\000d\000u\000c\000t\000i\000o\000n}{section*.6}% 2
\BOOKMARK [1][-]{section*.10}{\376\377\000G\000r\000a\000d\000u\000a\000l\000\040\000t\000y\000p\000e\000\040\000s\000y\000s\000t\000e\000m\000\040\000t\000r\000a\000n\000s\000i\000t\000i\000o\000n\000\040\000f\000r\000o\000m\000\040\000d\000y\000n\000a\000m\000i\000c\000\040\000t\000o\000\040\000s\000t\000a\000t\000i\000c}{section*.8}% 3
\BOOKMARK [1][-]{section*.11}{\376\377\000B\000a\000c\000k\000g\000r\000o\000u\000n\000d}{section*.8}% 4
\BOOKMARK [2][-]{section*.12}{\376\377\000T\000y\000p\000e\000S\000p\000e\000c\000s}{section*.11}% 5
\BOOKMARK [2][-]{section*.13}{\376\377\000D\000i\000a\000l\000y\000z\000e\000r}{section*.11}% 6
\BOOKMARK [2][-]{section*.16}{\376\377\000E\000l\000i\000x\000i\000r\000\040\000T\000y\000p\000e\000s}{section*.11}% 7
\BOOKMARK [1][-]{section*.20}{\376\377\000P\000r\000o\000b\000l\000e\000m\000\040\000S\000t\000a\000t\000e\000m\000e\000n\000t\000s}{section*.8}% 8
\BOOKMARK [1][-]{section*.21}{\376\377\000C\000o\000n\000t\000r\000i\000b\000u\000t\000i\000o\000n\000s}{section*.8}% 9
\BOOKMARK [-1][-]{part.1}{\376\377\000I\000\040\000T\000r\000a\000n\000s\000l\000a\000t\000i\000n\000g\000\040\000T\000y\000p\000e\000S\000p\000e\000c\000s\000\040\000i\000n\000t\000o\000\040\000E\000l\000i\000x\000i\000r\000\040\000T\000y\000p\000e\000s}{}% 10
\BOOKMARK [0][-]{chapter.1}{\376\377\000F\000o\000r\000m\000a\000l\000i\000s\000a\000t\000i\000o\000n}{part.1}% 11
\BOOKMARK [1][-]{section.1.1}{\376\377\000T\000y\000p\000e\000S\000p\000e\000c\000s\000\040\000S\000y\000n\000t\000a\000x\000\040\000S\000p\000e\000c\000i\000f\000i\000c\000a\000t\000i\000o\000n}{chapter.1}% 12
\BOOKMARK [2][-]{subsection.1.1.1}{\376\377\000T\000y\000p\000e\000S\000p\000e\000c\000s\000\040\000B\000u\000i\000l\000t\000-\000i\000n\000\040\000T\000y\000p\000e\000s\000\040\000a\000n\000d\000\040\000S\000y\000n\000t\000a\000c\000t\000i\000c\000\040\000S\000u\000g\000a\000r}{section.1.1}% 13
\BOOKMARK [1][-]{section.1.2}{\376\377\000E\000l\000i\000x\000i\000r\000\040\000T\000y\000p\000e\000s\000\040\000S\000y\000n\000t\000a\000x\000\040\000S\000p\000e\000c\000i\000f\000i\000c\000a\000t\000i\000o\000n}{chapter.1}% 14
\BOOKMARK [2][-]{subsection.1.2.1}{\376\377\000E\000l\000i\000x\000i\000r\000\040\000T\000y\000p\000e\000\040\000B\000u\000i\000l\000t\000-\000i\000n\000\040\000T\000y\000p\000e\000s\000\040\000a\000n\000d\000\040\000S\000y\000n\000t\000a\000c\000t\000i\000c\000\040\000S\000u\000g\000a\000r}{section.1.2}% 15
\BOOKMARK [1][-]{section.1.3}{\376\377\000T\000r\000a\000n\000s\000l\000a\000t\000i\000o\000n\000\040\000f\000r\000o\000m\000\040\000T\000y\000p\000e\000S\000p\000e\000c\000s\000\040\000t\000o\000\040\000E\000l\000i\000x\000i\000r\000\040\000T\000y\000p\000e\000s}{chapter.1}% 16
\BOOKMARK [2][-]{subsection.1.3.1}{\376\377\000T\000r\000a\000n\000s\000l\000a\000t\000i\000o\000n\000\040\000o\000f\000\040\000A\000n\000n\000o\000t\000a\000t\000i\000o\000n\000s}{section.1.3}% 17
\BOOKMARK [2][-]{subsection.1.3.2}{\376\377\000T\000r\000a\000n\000s\000l\000a\000t\000i\000o\000n\000\040\000o\000f\000\040\000B\000a\000s\000i\000c\000\040\000T\000y\000p\000e\000s}{section.1.3}% 18
\BOOKMARK [2][-]{subsection.1.3.3}{\376\377\000T\000r\000a\000n\000s\000l\000a\000t\000i\000o\000n\000\040\000o\000f\000\040\000F\000i\000e\000l\000d\000s}{section.1.3}% 19
\BOOKMARK [1][-]{section.1.4}{\376\377\000T\000o\000t\000a\000l\000\040\000A\000p\000p\000r\000o\000x\000i\000m\000a\000t\000i\000n\000g\000\040\000T\000r\000a\000n\000s\000l\000a\000t\000i\000o\000n\000\040\000o\000f\000\040\000T\000y\000p\000e\000S\000p\000e\000c\000s\000\040\000i\000n\000t\000o\000\040\000E\000l\000i\000x\000i\000r\000\040\000T\000y\000p\000e\000s}{chapter.1}% 20
\BOOKMARK [2][-]{subsection.1.4.1}{\376\377\000A\000p\000p\000r\000o\000x\000i\000m\000a\000t\000i\000o\000n\000\040\000o\000f\000\040\000F\000i\000e\000l\000d\000\040\000T\000y\000p\000e\000s}{section.1.4}% 21
\BOOKMARK [0][-]{chapter.2}{\376\377\000I\000m\000p\000l\000e\000m\000e\000n\000t\000a\000t\000i\000o\000n\000\040\000a\000n\000d\000\040\000A\000n\000a\000l\000y\000s\000i\000s}{part.1}% 22
\BOOKMARK [1][-]{section.2.1}{\376\377\000I\000m\000p\000l\000e\000m\000e\000n\000t\000a\000t\000i\000o\000n\000\040\000o\000f\000\040\000t\000h\000e\000o\000r\000y}{chapter.2}% 23
\BOOKMARK [2][-]{subsection.2.1.1}{\376\377\000T\000r\000a\000n\000s\000l\000a\000t\000o\000r}{section.2.1}% 24
\BOOKMARK [2][-]{subsection.2.1.2}{\376\377\000M\000i\000g\000r\000a\000t\000o\000r}{section.2.1}% 25
\BOOKMARK [2][-]{subsection.2.1.3}{\376\377\000D\000a\000t\000a\000s\000e\000t\000\040\000p\000r\000o\000d\000u\000c\000e\000r}{section.2.1}% 26
\BOOKMARK [1][-]{section.2.2}{\376\377\000D\000a\000t\000a\000s\000e\000t\000\040\000C\000o\000n\000s\000t\000r\000u\000c\000t\000i\000o\000n}{chapter.2}% 27
\BOOKMARK [2][-]{subsection.2.2.1}{\376\377\000O\000v\000e\000r\000v\000i\000e\000w}{section.2.2}% 28
\BOOKMARK [2][-]{subsection.2.2.2}{\376\377\000D\000a\000t\000a\000s\000e\000t\000\040\000E\000n\000t\000r\000y\000\040\000S\000c\000h\000e\000m\000a}{section.2.2}% 29
\BOOKMARK [2][-]{subsection.2.2.3}{\376\377\000S\000t\000a\000g\000e\000\040\0001\000:\000\040\000T\000r\000a\000n\000s\000l\000a\000t\000i\000o\000n\000\040\000E\000x\000e\000c\000u\000t\000i\000o\000n}{section.2.2}% 30
\BOOKMARK [2][-]{subsection.2.2.4}{\376\377\000S\000t\000a\000g\000e\000\040\0002\000:\000\040\000D\000i\000a\000l\000y\000z\000e\000r\000\040\000A\000n\000a\000l\000y\000s\000i\000s}{section.2.2}% 31
\BOOKMARK [2][-]{subsection.2.2.5}{\376\377\000S\000t\000a\000g\000e\000\040\0003\000:\000\040\000T\000y\000p\000e\000c\000h\000e\000c\000k\000e\000r\000\040\000E\000x\000e\000c\000u\000t\000i\000o\000n}{section.2.2}% 32
\BOOKMARK [1][-]{section.2.3}{\376\377\000D\000a\000t\000a\000s\000e\000t\000\040\000A\000n\000a\000l\000y\000s\000i\000s}{chapter.2}% 33
\BOOKMARK [2][-]{subsection.2.3.1}{\376\377\000H\000y\000p\000o\000t\000h\000e\000s\000i\000s}{section.2.3}% 34
\BOOKMARK [2][-]{subsection.2.3.2}{\376\377\000O\000v\000e\000r\000a\000l\000l\000\040\000R\000e\000s\000u\000l\000t\000s\000\040\000a\000n\000d\000\040\000V\000e\000r\000d\000i\000c\000t}{section.2.3}% 35
\BOOKMARK [2][-]{subsection.2.3.3}{\376\377\000A\000p\000p\000r\000o\000x\000i\000m\000a\000t\000i\000o\000n\000\040\000v\000i\000a\000\040\000d\000y\000n\000a\000m\000i\000c\000\050\000\051}{section.2.3}% 36
\BOOKMARK [2][-]{subsection.2.3.4}{\376\377\000D\000i\000a\000l\000y\000z\000e\000r\000-\000O\000n\000l\000y\000\040\000W\000a\000r\000n\000i\000n\000g\000s\000:\000\040\000W\000h\000y\000\040\000D\000i\000a\000l\000y\000z\000e\000r\000\040\000C\000a\000t\000c\000h\000e\000s\000\040\000W\000h\000a\000t\000\040\000t\000h\000e\000\040\000T\000y\000p\000e\000c\000h\000e\000c\000k\000e\000r\000\040\000C\000a\000n\000n\000o\000t\000\040\000Y\000e\000t}{section.2.3}% 37
\BOOKMARK [2][-]{subsection.2.3.5}{\376\377\000T\000y\000p\000e\000c\000h\000e\000c\000k\000e\000r\000-\000O\000n\000l\000y\000\040\000W\000a\000r\000n\000i\000n\000g\000s}{section.2.3}% 38
\BOOKMARK [2][-]{subsection.2.3.6}{\376\377\000E\000n\000t\000r\000i\000e\000s\000\040\000F\000l\000a\000g\000g\000e\000d\000\040\000b\000y\000\040\000B\000o\000t\000h\000\040\000T\000o\000o\000l\000s}{section.2.3}% 39
\BOOKMARK [2][-]{subsection.2.3.7}{\376\377\000I\000m\000p\000l\000i\000c\000a\000t\000i\000o\000n\000s\000\040\000f\000o\000r\000\040\000D\000o\000w\000n\000s\000t\000r\000e\000a\000m\000\040\000U\000s\000e}{section.2.3}% 40
\BOOKMARK [2][-]{subsection.2.3.8}{\376\377\000S\000u\000m\000m\000a\000r\000y}{section.2.3}% 41
\BOOKMARK [-1][-]{part.2}{\376\377\000I\000I\000\040\000I\000n\000f\000e\000r\000r\000i\000n\000g\000\040\000E\000l\000i\000x\000i\000r\000\040\000T\000y\000p\000e\000s\000\040\000w\000i\000t\000h\000\040\000L\000a\000r\000g\000e\000\040\000L\000a\000n\000g\000u\000a\000g\000e\000\040\000M\000o\000d\000e\000l\000s}{}% 42
\BOOKMARK [0][-]{chapter.3}{\376\377\000S\000e\000t\000u\000p\000\040\000a\000n\000d\000\040\000I\000m\000p\000l\000e\000m\000e\000n\000t\000a\000t\000i\000o\000n}{part.2}% 43
\BOOKMARK [1][-]{section.3.1}{\376\377\000M\000o\000d\000e\000l\000s}{chapter.3}% 44
\BOOKMARK [1][-]{section.3.2}{\376\377\000F\000i\000n\000e\000-\000t\000u\000n\000i\000n\000g\000\040\000a\000n\000d\000\040\000H\000y\000p\000e\000r\000p\000a\000r\000a\000m\000e\000t\000e\000r\000s}{chapter.3}% 45
\BOOKMARK [1][-]{section.3.3}{\376\377\000C\000o\000m\000p\000u\000t\000e\000\040\000E\000n\000v\000i\000r\000o\000n\000m\000e\000n\000t}{chapter.3}% 46
\BOOKMARK [1][-]{section.3.4}{\376\377\000D\000a\000t\000a\000s\000e\000t\000\040\000P\000r\000e\000p\000a\000r\000a\000t\000i\000o\000n}{chapter.3}% 47
\BOOKMARK [2][-]{subsection.3.4.1}{\376\377\000T\000h\000e\000\040\000B\000o\000t\000h\000-\000P\000a\000s\000s\000\040\000C\000o\000r\000p\000u\000s\000\040\000a\000n\000d\000\040\000S\000p\000l\000i\000t}{section.3.4}% 48
\BOOKMARK [2][-]{subsection.3.4.2}{\376\377\000T\000a\000s\000k\000\040\000F\000o\000r\000m\000u\000l\000a\000t\000i\000o\000n}{section.3.4}% 49
\BOOKMARK [1][-]{section.3.5}{\376\377\000T\000r\000a\000i\000n\000i\000n\000g\000\040\000P\000i\000p\000e\000l\000i\000n\000e}{chapter.3}% 50
\BOOKMARK [1][-]{section.3.6}{\376\377\000T\000r\000a\000i\000n\000i\000n\000g\000\040\000B\000e\000h\000a\000v\000i\000o\000u\000r\000\040\000a\000n\000d\000\040\000R\000e\000p\000r\000o\000d\000u\000c\000i\000b\000i\000l\000i\000t\000y}{chapter.3}% 51
\BOOKMARK [1][-]{section.3.7}{\376\377\000G\000e\000n\000e\000r\000a\000t\000i\000o\000n}{chapter.3}% 52
\BOOKMARK [0][-]{chapter.4}{\376\377\000E\000v\000a\000l\000u\000a\000t\000i\000o\000n}{part.2}% 53
\BOOKMARK [1][-]{section.4.1}{\376\377\000S\000e\000t\000-\000T\000h\000e\000o\000r\000e\000t\000i\000c\000\040\000C\000o\000m\000p\000a\000t\000i\000b\000i\000l\000i\000t\000y}{chapter.4}% 54
\BOOKMARK [1][-]{section.4.2}{\376\377\000R\000e\000s\000u\000l\000t\000s}{chapter.4}% 55
\BOOKMARK [1][-]{section.4.3}{\376\377\000Q\000u\000a\000l\000i\000t\000a\000t\000i\000v\000e\000\040\000A\000n\000a\000l\000y\000s\000i\000s}{chapter.4}% 56
\BOOKMARK [1][-]{section.4.4}{\376\377\000L\000i\000m\000i\000t\000a\000t\000i\000o\000n\000s}{chapter.4}% 57
\BOOKMARK [-1][-]{section*.92}{\376\377\000C\000o\000n\000c\000l\000u\000s\000i\000o\000n}{}% 58
\BOOKMARK [0][-]{section*.94}{\376\377\000C\000o\000n\000c\000l\000u\000s\000i\000o\000n}{section*.92}% 59
\BOOKMARK [1][-]{section*.96}{\376\377\000C\000o\000n\000c\000l\000u\000s\000i\000o\000n\000\040\000a\000n\000d\000\040\000F\000u\000t\000u\000r\000e\000\040\000W\000o\000r\000k}{section*.94}% 60
\BOOKMARK [2][-]{section*.97}{\376\377\000L\000i\000m\000i\000t\000a\000t\000i\000o\000n\000s\000\040\000a\000n\000d\000\040\000F\000u\000t\000u\000r\000e\000\040\000W\000o\000r\000k}{section*.96}% 61
